
> walletsecure@0.1.0 build
> craco build

npm.cmd : (node:12584) [DEP0176] DeprecationWarning: fs.F_OK is deprecated, use fs.constants.F_OK instead
At line:1 char:145
+ ... entVariable("Path","User"); npm.cmd run build > build_output.txt 2>&1
+                                 ~~~~~~~~~~~~~~~~~~~~~~~~~~~~~~~~~~~~~~~~~
    + CategoryInfo          : NotSpecified: ((node:12584) [D...ts.F_OK instead:String) [], RemoteException
    + FullyQualifiedErrorId : NativeCommandError
 
(Use `node --trace-deprecation ...` to show where the warning was created)
Creating an optimized production build...
Failed to compile.

SyntaxError: Unexpected token, expected "(" (30:35)


